Archive member included to satisfy reference by file (symbol)

C:/ST/STM32CubeIDE_1.19.0/STM32CubeIDE/plugins/com.st.stm32cube.ide.mcu.externaltools.gnu-tools-for-stm32.13.3.rel1.win32_1.0.0.202411081344/tools/bin/../lib/gcc/arm-none-eabi/13.3.1/../../../../arm-none-eabi/lib/thumb/v7e-m+fp/hard\libc_nano.a(libc_a-exit.o)
                              C:/ST/STM32CubeIDE_1.19.0/STM32CubeIDE/plugins/com.st.stm32cube.ide.mcu.externaltools.gnu-tools-for-stm32.13.3.rel1.win32_1.0.0.202411081344/tools/bin/../lib/gcc/arm-none-eabi/13.3.1/../../../../arm-none-eabi/lib/thumb/v7e-m+fp/hard/crt0.o (exit)
C:/ST/STM32CubeIDE_1.19.0/STM32CubeIDE/plugins/com.st.stm32cube.ide.mcu.externaltools.gnu-tools-for-stm32.13.3.rel1.win32_1.0.0.202411081344/tools/bin/../lib/gcc/arm-none-eabi/13.3.1/../../../../arm-none-eabi/lib/thumb/v7e-m+fp/hard\libc_nano.a(libc_a-findfp.o)
                              C:/ST/STM32CubeIDE_1.19.0/STM32CubeIDE/plugins/com.st.stm32cube.ide.mcu.externaltools.gnu-tools-for-stm32.13.3.rel1.win32_1.0.0.202411081344/tools/bin/../lib/gcc/arm-none-eabi/13.3.1/../../../../arm-none-eabi/lib/thumb/v7e-m+fp/hard\libc_nano.a(libc_a-exit.o) (__stdio_exit_handler)
C:/ST/STM32CubeIDE_1.19.0/STM32CubeIDE/plugins/com.st.stm32cube.ide.mcu.externaltools.gnu-tools-for-stm32.13.3.rel1.win32_1.0.0.202411081344/tools/bin/../lib/gcc/arm-none-eabi/13.3.1/../../../../arm-none-eabi/lib/thumb/v7e-m+fp/hard\libc_nano.a(libc_a-fwalk.o)
                              C:/ST/STM32CubeIDE_1.19.0/STM32CubeIDE/plugins/com.st.stm32cube.ide.mcu.externaltools.gnu-tools-for-stm32.13.3.rel1.win32_1.0.0.202411081344/tools/bin/../lib/gcc/arm-none-eabi/13.3.1/../../../../arm-none-eabi/lib/thumb/v7e-m+fp/hard\libc_nano.a(libc_a-findfp.o) (_fwalk_sglue)
C:/ST/STM32CubeIDE_1.19.0/STM32CubeIDE/plugins/com.st.stm32cube.ide.mcu.externaltools.gnu-tools-for-stm32.13.3.rel1.win32_1.0.0.202411081344/tools/bin/../lib/gcc/arm-none-eabi/13.3.1/../../../../arm-none-eabi/lib/thumb/v7e-m+fp/hard\libc_nano.a(libc_a-stdio.o)
                              C:/ST/STM32CubeIDE_1.19.0/STM32CubeIDE/plugins/com.st.stm32cube.ide.mcu.externaltools.gnu-tools-for-stm32.13.3.rel1.win32_1.0.0.202411081344/tools/bin/../lib/gcc/arm-none-eabi/13.3.1/../../../../arm-none-eabi/lib/thumb/v7e-m+fp/hard\libc_nano.a(libc_a-findfp.o) (__sread)
C:/ST/STM32CubeIDE_1.19.0/STM32CubeIDE/plugins/com.st.stm32cube.ide.mcu.externaltools.gnu-tools-for-stm32.13.3.rel1.win32_1.0.0.202411081344/tools/bin/../lib/gcc/arm-none-eabi/13.3.1/../../../../arm-none-eabi/lib/thumb/v7e-m+fp/hard\libc_nano.a(libc_a-memset.o)
                              C:/ST/STM32CubeIDE_1.19.0/STM32CubeIDE/plugins/com.st.stm32cube.ide.mcu.externaltools.gnu-tools-for-stm32.13.3.rel1.win32_1.0.0.202411081344/tools/bin/../lib/gcc/arm-none-eabi/13.3.1/../../../../arm-none-eabi/lib/thumb/v7e-m+fp/hard/crt0.o (memset)
C:/ST/STM32CubeIDE_1.19.0/STM32CubeIDE/plugins/com.st.stm32cube.ide.mcu.externaltools.gnu-tools-for-stm32.13.3.rel1.win32_1.0.0.202411081344/tools/bin/../lib/gcc/arm-none-eabi/13.3.1/../../../../arm-none-eabi/lib/thumb/v7e-m+fp/hard\libc_nano.a(libc_a-closer.o)
                              C:/ST/STM32CubeIDE_1.19.0/STM32CubeIDE/plugins/com.st.stm32cube.ide.mcu.externaltools.gnu-tools-for-stm32.13.3.rel1.win32_1.0.0.202411081344/tools/bin/../lib/gcc/arm-none-eabi/13.3.1/../../../../arm-none-eabi/lib/thumb/v7e-m+fp/hard\libc_nano.a(libc_a-stdio.o) (_close_r)
C:/ST/STM32CubeIDE_1.19.0/STM32CubeIDE/plugins/com.st.stm32cube.ide.mcu.externaltools.gnu-tools-for-stm32.13.3.rel1.win32_1.0.0.202411081344/tools/bin/../lib/gcc/arm-none-eabi/13.3.1/../../../../arm-none-eabi/lib/thumb/v7e-m+fp/hard\libc_nano.a(libc_a-reent.o)
                              C:/ST/STM32CubeIDE_1.19.0/STM32CubeIDE/plugins/com.st.stm32cube.ide.mcu.externaltools.gnu-tools-for-stm32.13.3.rel1.win32_1.0.0.202411081344/tools/bin/../lib/gcc/arm-none-eabi/13.3.1/../../../../arm-none-eabi/lib/thumb/v7e-m+fp/hard\libc_nano.a(libc_a-closer.o) (errno)
C:/ST/STM32CubeIDE_1.19.0/STM32CubeIDE/plugins/com.st.stm32cube.ide.mcu.externaltools.gnu-tools-for-stm32.13.3.rel1.win32_1.0.0.202411081344/tools/bin/../lib/gcc/arm-none-eabi/13.3.1/../../../../arm-none-eabi/lib/thumb/v7e-m+fp/hard\libc_nano.a(libc_a-impure.o)
                              C:/ST/STM32CubeIDE_1.19.0/STM32CubeIDE/plugins/com.st.stm32cube.ide.mcu.externaltools.gnu-tools-for-stm32.13.3.rel1.win32_1.0.0.202411081344/tools/bin/../lib/gcc/arm-none-eabi/13.3.1/../../../../arm-none-eabi/lib/thumb/v7e-m+fp/hard\libc_nano.a(libc_a-reent.o) (_impure_ptr)
C:/ST/STM32CubeIDE_1.19.0/STM32CubeIDE/plugins/com.st.stm32cube.ide.mcu.externaltools.gnu-tools-for-stm32.13.3.rel1.win32_1.0.0.202411081344/tools/bin/../lib/gcc/arm-none-eabi/13.3.1/../../../../arm-none-eabi/lib/thumb/v7e-m+fp/hard\libc_nano.a(libc_a-lseekr.o)
[...]
Memory Configuration

Name             Origin             Length             Attributes
RAM              0x20000000         0x00050000         xrw
RAM2             0x10000000         0x00010000         xrw
FLASH            0x08000000         0x00080000         xr
*default*        0x00000000         0xffffffff

Linker script and memory map

LOAD C:/ST/STM32CubeIDE_1.19.0/STM32CubeIDE/plugins/com.st.stm32cube.ide.mcu.externaltools.gnu-tools-for-stm32.13.3.rel1.win32_1.0.0.202411081344/tools/bin/../lib/gcc/arm-none-eabi/13.3.1/thumb/v7e-m+fp/hard/crti.o
LOAD C:/ST/STM32CubeIDE_1.19.0/STM32CubeIDE/plugins/com.st.stm32cube.ide.mcu.externaltools.gnu-tools-for-stm32.13.3.rel1.win32_1.0.0.202411081344/tools/bin/../lib/gcc/arm-none-eabi/13.3.1/thumb/v7e-m+fp/hard/crtbegin.o
LOAD C:/ST/STM32CubeIDE_1.19.0/STM32CubeIDE/plugins/com.st.stm32cube.ide.mcu.externaltools.gnu-tools-for-stm32.13.3.rel1.win32_1.0.0.202411081344/tools/bin/../lib/gcc/arm-none-eabi/13.3.1/../../../../arm-none-eabi/lib/thumb/v7e-m+fp/hard/crt0.o
LOAD ./Core/Src/Hx711.o
LOAD ./Core/Src/Motor.o
LOAD ./Core/Src/adc.o
LOAD ./Core/Src/dma.o
LOAD ./Core/Src/gpio.o
LOAD ./Core/Src/main.o
LOAD ./Core/Src/stm32l4xx_hal_msp.o
LOAD ./Core/Src/stm32l4xx_it.o
LOAD ./Core/Src/syscalls.o
LOAD ./Core/Src/sysmem.o
LOAD ./Core/Src/system_stm32l4xx.o
LOAD ./Core/Src/tim.o
LOAD ./Core/Src/usart.o
LOAD ./Core/Startup/startup_stm32l496retx.o
LOAD ./Drivers/STM32L4xx_HAL_Driver/Src/stm32l4xx_hal.o
LOAD ./Drivers/STM32L4xx_HAL_Driver/Src/stm32l4xx_hal_adc.o
LOAD ./Drivers/STM32L4xx_HAL_Driver/Src/stm32l4xx_hal_adc_ex.o
LOAD ./Drivers/STM32L4xx_HAL_Driver/Src/stm32l4xx_hal_cortex.o
LOAD ./Drivers/STM32L4xx_HAL_Driver/Src/stm32l4xx_hal_dma.o
LOAD ./Drivers/STM32L4xx_HAL_Driver/Src/stm32l4xx_hal_dma_ex.o
LOAD ./Drivers/STM32L4xx_HAL_Driver/Src/stm32l4xx_hal_exti.o
LOAD ./Drivers/STM32L4xx_HAL_Driver/Src/stm32l4xx_hal_flash.o
LOAD ./Drivers/STM32L4xx_HAL_Driver/Src/stm32l4xx_hal_flash_ex.o
LOAD ./Drivers/STM32L4xx_HAL_Driver/Src/stm32l4xx_hal_flash_ramfunc.o
LOAD ./Drivers/STM32L4xx_HAL_Driver/Src/stm32l4xx_hal_gpio.o
LOAD ./Drivers/STM32L4xx_HAL_Driver/Src/stm32l4xx_hal_i2c.o
LOAD ./Drivers/STM32L4xx_HAL_Driver/Src/stm32l4xx_hal_i2c_ex.o
LOAD ./Drivers/STM32L4xx_HAL_Driver/Src/stm32l4xx_hal_pwr.o
LOAD ./Drivers/STM32L4xx_HAL_Driver/Src/stm32l4xx_hal_pwr_ex.o
LOAD ./Drivers/STM32L4xx_HAL_Driver/Src/stm32l4xx_hal_rcc.o
LOAD ./Drivers/STM32L4xx_HAL_Driver/Src/stm32l4xx_hal_rcc_ex.o
LOAD ./Drivers/STM32L4xx_HAL_Driver/Src/stm32l4xx_hal_tim.o
LOAD ./Drivers/STM32L4xx_HAL_Driver/Src/stm32l4xx_hal_tim_ex.o
LOAD ./Drivers/STM32L4xx_HAL_Driver/Src/stm32l4xx_hal_uart.o
LOAD ./Drivers/STM32L4xx_HAL_Driver/Src/stm32l4xx_hal_uart_ex.o
START GROUP
LOAD C:/ST/STM32CubeIDE_1.19.0/STM32CubeIDE/plugins/com.st.stm32cube.ide.mcu.externaltools.gnu-tools-for-stm32.13.3.rel1.win32_1.0.0.202411081344/tools/bin/../lib/gcc/arm-none-eabi/13.3.1/../../../../arm-none-eabi/lib/thumb/v7e-m+fp/hard\libstdc++_nano.a
LOAD C:/ST/STM32CubeIDE_1.19.0/STM32CubeIDE/plugins/com.st.stm32cube.ide.mcu.externaltools.gnu-tools-for-stm32.13.3.rel1.win32_1.0.0.202411081344/tools/bin/../lib/gcc/arm-none-eabi/13.3.1/../../../../arm-none-eabi/lib/thumb/v7e-m+fp/hard\libsupc++_nano.a
END GROUP
LOAD C:/ST/STM32CubeIDE_1.19.0/STM32CubeIDE/plugins/com.st.stm32cube.ide.mcu.externaltools.gnu-tools-for-stm32.13.3.rel1.win32_1.0.0.202411081344/tools/bin/../lib/gcc/arm-none-eabi/13.3.1/../../../../arm-none-eabi/lib/thumb/v7e-m+fp/hard\libstdc++_nano.a
LOAD C:/ST/STM32CubeIDE_1.19.0/STM32CubeIDE/plugins/com.st.stm32cube.ide.mcu.externaltools.gnu-tools-for-stm32.13.3.rel1.win32_1.0.0.202411081344/tools/bin/../lib/gcc/arm-none-eabi/13.3.1/../../../../arm-none-eabi/lib/thumb/v7e-m+fp/hard\libm.a
LOAD C:/ST/STM32CubeIDE_1.19.0/STM32CubeIDE/plugins/com.st.stm32cube.ide.mcu.externaltools.gnu-tools-for-stm32.13.3.rel1.win32_1.0.0.202411081344/tools/bin/../lib/gcc/arm-none-eabi/13.3.1/../../../../arm-none-eabi/lib/thumb/v7e-m+fp/hard\libc_nano.a
START GROUP
LOAD C:/ST/STM32CubeIDE_1.19.0/STM32CubeIDE/plugins/com.st.stm32cube.ide.mcu.externaltools.gnu-tools-for-stm32.13.3.rel1.win32_1.0.0.202411081344/tools/bin/../lib/gcc/arm-none-eabi/13.3.1/thumb/v7e-m+fp/hard\libgcc.a
LOAD C:/ST/STM32CubeIDE_1.19.0/STM32CubeIDE/plugins/com.st.stm32cube.ide.mcu.externaltools.gnu-tools-for-stm32.13.3.rel1.win32_1.0.0.202411081344/tools/bin/../lib/gcc/arm-none-eabi/13.3.1/../../../../arm-none-eabi/lib/thumb/v7e-m+fp/hard\libc_nano.a
END GROUP
START GROUP
LOAD C:/ST/STM32CubeIDE_1.19.0/STM32CubeIDE/plugins/com.st.stm32cube.ide.mcu.externaltools.gnu-tools-for-stm32.13.3.rel1.win32_1.0.0.202411081344/tools/bin/../lib/gcc/arm-none-eabi/13.3.1/thumb/v7e-m+fp/hard\libgcc.a
LOAD C:/ST/STM32CubeIDE_1.19.0/STM32CubeIDE/plugins/com.st.stm32cube.ide.mcu.externaltools.gnu-tools-for-stm32.13.3.rel1.win32_1.0.0.202411081344/tools/bin/../lib/gcc/arm-none-eabi/13.3.1/../../../../arm-none-eabi/lib/thumb/v7e-m+fp/hard\libc_nano.a
END GROUP
LOAD C:/ST/STM32CubeIDE_1.19.0/STM32CubeIDE/plugins/com.st.stm32cube.ide.mcu.externaltools.gnu-tools-for-stm32.13.3.rel1.win32_1.0.0.202411081344/tools/bin/../lib/gcc/arm-none-eabi/13.3.1/thumb/v7e-m+fp/hard/crtend.o
LOAD C:/ST/STM32CubeIDE_1.19.0/STM32CubeIDE/plugins/com.st.stm32cube.ide.mcu.externaltools.gnu-tools-for-stm32.13.3.rel1.win32_1.0.0.202411081344/tools/bin/../lib/gcc/arm-none-eabi/13.3.1/thumb/v7e-m+fp/hard/crtn.o
                0x20050000                        _estack = (ORIGIN (RAM) + LENGTH (RAM))
                0x00000200                        _Min_Heap_Size = 0x200
                0x00000400                        _Min_Stack_Size = 0x400

.isr_vector     0x08000000      0x1ac
                0x08000000                        . = ALIGN (0x4)
 *(.isr_vector)
 .isr_vector    0x08000000      0x1ac ./Core/Startup/startup_stm32l496retx.o
                0x08000000                g_pfnVectors
                0x080001ac                        . = ALIGN (0x4)

.text           0x080001ac     0x6130
                0x080001ac                        . = ALIGN (0x4)
 *(.text)
 .text          0x080001ac       0x40 C:/ST/STM32CubeIDE_1.19.0/STM32CubeIDE/plugins/com.st.stm32cube.ide.mcu.externaltools.gnu-tools-for-stm32.13.3.rel1.win32_1.0.0.202411081344/tools/bin/../lib/gcc/arm-none-eabi/13.3.1/thumb/v7e-m+fp/hard/crtbegin.o
 .text          0x080001ec       0x30 C:/ST/STM32CubeIDE_1.19.0/STM32CubeIDE/plugins/com.st.stm32cube.ide.mcu.externaltools.gnu-tools-for-stm32.13.3.rel1.win32_1.0.0.202411081344/tools/bin/../lib/gcc/arm-none-eabi/13.3.1/thumb/v7e-m+fp/hard\libgcc.a(_aeabi_uldivmod.o)
                0x080001ec                __aeabi_uldivmod
 .text          0x0800021c      0x2f8 C:/ST/STM32CubeIDE_1.19.0/STM32CubeIDE/plugins/com.st.stm32cube.ide.mcu.externaltools.gnu-tools-for-stm32.13.3.rel1.win32_1.0.0.202411081344/tools/bin/../lib/gcc/arm-none-eabi/13.3.1/thumb/v7e-m+fp/hard\libgcc.a(_udivmoddi4.o)
                0x0800021c                __udivmoddi4
 .text          0x08000514        0x4 C:/ST/STM32CubeIDE_1.19.0/STM32CubeIDE/plugins/com.st.stm32cube.ide.mcu.externaltools.gnu-tools-for-stm32.13.3.rel1.win32_1.0.0.202411081344/tools/bin/../lib/gcc/arm-none-eabi/13.3.1/thumb/v7e-m+fp/hard\libgcc.a(_dvmd_tls.o)
                0x08000514                __aeabi_idiv0
                0x08000514                __aeabi_ldiv0
 *(.text*)
 .text._ZN5Hx7118getHX711Ev
                0x08000518       0xb6 ./Core/Src/Hx711.o
                0x08000518                Hx711::getHX711()
 .text._ZN5Hx7119getWeightEv
                0x080005ce       0x6a ./Core/Src/Hx711.o
                0x080005ce                Hx711::getWeight()
 .text.MX_DMA_Init
                0x08000638       0x4c ./Core/Src/dma.o
                0x08000638                MX_DMA_Init
 .text.MX_GPIO_Init
                0x08000684      0x144 ./Core/Src/gpio.o
                0x08000684                MX_GPIO_Init
 .text._ZL9CRC_CCITTPKht
                0x080007c8       0x5c ./Core/Src/main.o
 .text._ZL15CRC_CCITT_CheckPKht
                0x08000824       0x60 ./Core/Src/main.o
 .text._ZL8_tx_pushPhPth
                0x08000884       0x6e ./Core/Src/main.o
 .text._ZL9_tx_buildPhhhPKht
                0x080008f2      0x14a ./Core/Src/main.o
 .text._ZL14_tx_gate_readyv
                0x08000a3c       0x20 ./Core/Src/main.o
 .text._ZL13HDLC_DB_ClearP17HDLC_DataBuffer_t
                0x08000a5c       0x2c ./Core/Src/main.o
 .text._ZL12HDLC_DB_FreePK17HDLC_DataBuffer_t
                0x08000a88       0x20 ./Core/Src/main.o
 .text._ZL7_db_putP17HDLC_DataBuffer_th
                0x08000aa8       0x66 ./Core/Src/main.o
 .text._ZL7_db_getP17HDLC_DataBuffer_t
                0x08000b0e       0x64 ./Core/Src/main.o
 .text._ZL12HDLC_DB_PushP17HDLC_DataBuffer_thPKht
                0x08000b72       0xa6 ./Core/Src/main.o
 .text._ZL11HDLC_DB_PopP17HDLC_DataBuffer_tPhS1_Ptt
                0x08000c18      0x186 ./Core/Src/main.o
 .text._ZL21HDLC_Sched_PostLegacyP16HDLC_Scheduler_tPFvP11HDLC_HandlePvES3_m18HDLC_SchedPolicy_t
                0x08000d9e       0xd0 ./Core/Src/main.o
 .text._ZL15HDLC_Sched_TickP16HDLC_Scheduler_tP11HDLC_Handle
                0x08000e6e      0x1cc ./Core/Src/main.o
 .text._ZL8_tx_fireP11HDLC_Handle
                0x0800103a       0x72 ./Core/Src/main.o
 .text._ZL13HDLC_TransmitP11HDLC_HandlehPKht
                0x080010ac       0x4e ./Core/Src/main.o
 .text._ZL14HDLC_Transmit8P11HDLC_HandlePKhS2_t
                0x080010fa      0x17a ./Core/Src/main.o
 .text._ZL21HDLC_Transmitter_PollP11HDLC_Handle
                0x08001274       0xa2 ./Core/Src/main.o
 .text._ZL23HDLC_Transmitter_TxDoneP11HDLC_Handle
                0x08001316       0x2a ./Core/Src/main.o
 .text._ZL9HDLC_PushP11HDLC_HandlehPKht
                0x08001340       0x2e ./Core/Src/main.o
 .text._ZL21HDLC_FlushOne_WithCmdP11HDLC_HandlePKh
                0x0800136e       0x7a ./Core/Src/main.o
 .text._ZL16HDLC_UI_RegisterP11HDLC_HandlePKhhb16HDLC_BootPhase_tPFvS0_S2_tE
                0x080013e8       0x90 ./Core/Src/main.o
 .text._ZL17_hdlc_ui_dispatchP11HDLC_HandlePKht
                0x08001478       0xc0 ./Core/Src/main.o
 .text._ZL14_hdlc_dispatchP11HDLC_Handle
                0x08001538      0x1a8 ./Core/Src/main.o
 .text._ZL10_hdlc_feedP11HDLC_Handleh
                0x080016e0      0x172 ./Core/Src/main.o
 .text._ZL9HDLC_InitP11HDLC_HandleP20__UART_HandleTypeDefhPFvS0_ES4_
                0x08001852       0x62 ./Core/Src/main.o
 .text._ZL9HDLC_PollP11HDLC_Handle
                0x080018b4       0xb8 ./Core/Src/main.o
 .text._ZL15PolyTest_IsIdlev
                0x0800196c       0x20 ./Core/Src/main.o
 .text._ZL20PolyTest_GetIntervalv
                0x0800198c       0x18 ./Core/Src/main.o
 .text._ZL20PolyTest_SetIntervalm
                0x080019a4       0x24 ./Core/Src/main.o
 .text._ZL19PolyTest_ForceStartv
                0x080019c8       0x20 ./Core/Src/main.o
 .text._ZL22PolyTest_ReadWeightNowv
                0x080019e8       0x34 ./Core/Src/main.o
 .text._ZL22UIHolder_Stats_HandlerP11HDLC_HandlePKht
                0x08001a1c      0x170 ./Core/Src/main.o
 .text._ZL23UIHolder_Stats_RegisterP11HDLC_Handle
                0x08001b8c       0x2c ./Core/Src/main.o
 .text._ZL27UIHolder_TestBuffer_HandlerP11HDLC_HandlePKht
                0x08001bb8       0x5c ./Core/Src/main.o
 .text._ZL28UIHolder_TestBuffer_RegisterP11HDLC_Handle
                0x08001c14       0x2c ./Core/Src/main.o
 .text._ZL25UIHolder_ForceRun_HandlerP11HDLC_HandlePKht
                0x08001c40       0x3c ./Core/Src/main.o
 .text._ZL26UIHolder_ForceRun_RegisterP11HDLC_Handle
                0x08001c7c       0x2c ./Core/Src/main.o
 .text._ZL24UIHolder_GetData_HandlerP11HDLC_HandlePKht
                0x08001ca8       0x48 ./Core/Src/main.o
 .text._ZL25UIHolder_GetData_RegisterP11HDLC_Handle
                0x08001cf0       0x2c ./Core/Src/main.o
 .text._ZL28UIHolder_SetInterval_HandlerP11HDLC_HandlePKht
                0x08001d1c       0xac ./Core/Src/main.o
 .text._ZL29UIHolder_SetInterval_RegisterP11HDLC_Handle
                0x08001dc8       0x2c ./Core/Src/main.o
 .text._ZL19_periph_enable_shimP11HDLC_HandlePv
                0x08001df4       0x26 ./Core/Src/main.o
 *fill*         0x08001e1a        0x2 
 .text._ZL11Holder_TestP11HDLC_HandlePK12HDLC_Frame_t
                0x08001e1c       0x7c ./Core/Src/main.o
 .text._ZL9Holder_RRP11HDLC_HandlePK12HDLC_Frame_t
                0x08001e98      0x21e ./Core/Src/main.o
 .text._ZL11Holder_InitP11HDLC_HandlePK12HDLC_Frame_t
                0x080020b6       0x9a ./Core/Src/main.o
 .text._ZL16Holder_UI_NormalP11HDLC_HandlePK12HDLC_Frame_t
                0x08002150       0x74 ./Core/Src/main.o
 .text._ZL16Holder_UI_OneWayP11HDLC_HandlePK12HDLC_Frame_t
                0x080021c4       0x40 ./Core/Src/main.o
 .text._ZL12Holder_ErrorP11HDLC_HandlePK12HDLC_Frame_t
                0x08002204       0xb6 ./Core/Src/main.o
 .text._ZL16Holders_DispatchP11HDLC_HandlePK12HDLC_Frame_t
                0x080022ba       0x76 ./Core/Src/main.o
 .text._ZL16on_periph_enableP11HDLC_Handle
                0x08002330       0x14 ./Core/Src/main.o
 .text._ZL12on_user_loopP11HDLC_Handle
                0x08002344       0x14 ./Core/Src/main.o
 .text.main     0x08002358       0x60 ./Core/Src/main.o
                0x08002358                main
 .text.HAL_UART_TxCpltCallback
                0x080023b8       0x24 ./Core/Src/main.o
                0x080023b8                HAL_UART_TxCpltCallback
 .text._Z18SystemClock_Configv
                0x080023dc       0xbc ./Core/Src/main.o
                0x080023dc                SystemClock_Config()
 .text.Error_Handler
                0x08002498        0xc ./Core/Src/main.o
                0x08002498                Error_Handler
 .text.HAL_MspInit
                0x080024a4       0x48 ./Core/Src/stm32l4xx_hal_msp.o
                0x080024a4                HAL_MspInit
 .text.NMI_Handler
                0x080024ec        0x8 ./Core/Src/stm32l4xx_it.o
                0x080024ec                NMI_Handler
 .text.HardFault_Handler
                0x080024f4        0x8 ./Core/Src/stm32l4xx_it.o
                0x080024f4                HardFault_Handler
 .text.MemManage_Handler
                0x080024fc        0x8 ./Core/Src/stm32l4xx_it.o
                0x080024fc                MemManage_Handler
 .text.BusFault_Handler
                0x08002504        0x8 ./Core/Src/stm32l4xx_it.o
                0x08002504                BusFault_Handler
 .text.UsageFault_Handler
                0x0800250c        0x8 ./Core/Src/stm32l4xx_it.o
                0x0800250c                UsageFault_Handler
 .text.SVC_Handler
                0x08002514        0xe ./Core/Src/stm32l4xx_it.o
                0x08002514                SVC_Handler
 .text.DebugMon_Handler
                0x08002522        0xe ./Core/Src/stm32l4xx_it.o
                0x08002522                DebugMon_Handler
 .text.PendSV_Handler
                0x08002530        0xe ./Core/Src/stm32l4xx_it.o
                0x08002530                PendSV_Handler
 .text.SysTick_Handler
                0x0800253e        0xc ./Core/Src/stm32l4xx_it.o
                0x0800253e                SysTick_Handler
 *fill*         0x0800254a        0x2 
 .text.DMA1_Channel4_IRQHandler
                0x0800254c       0x14 ./Core/Src/stm32l4xx_it.o
                0x0800254c                DMA1_Channel4_IRQHandler
 .text.DMA1_Channel5_IRQHandler
                0x08002560       0x14 ./Core/Src/stm32l4xx_it.o
                0x08002560                DMA1_Channel5_IRQHandler
 .text.EXTI9_5_IRQHandler
                0x08002574       0x16 ./Core/Src/stm32l4xx_it.o
                0x08002574                EXTI9_5_IRQHandler
 *fill*         0x0800258a        0x2 
 .text.USART1_IRQHandler
                0x0800258c       0x14 ./Core/Src/stm32l4xx_it.o
                0x0800258c                USART1_IRQHandler
 .text.USART3_IRQHandler
                0x080025a0       0x14 ./Core/Src/stm32l4xx_it.o
                0x080025a0                USART3_IRQHandler
 .text.SystemInit
                0x080025b4       0x24 ./Core/Src/system_stm32l4xx.o
                0x080025b4                SystemInit
 .text.MX_USART1_UART_Init
                0x080025d8       0x60 ./Core/Src/usart.o
                0x080025d8                MX_USART1_UART_Init
 .text.HAL_UART_MspInit
                0x08002638      0x220 ./Core/Src/usart.o
                0x08002638                HAL_UART_MspInit
 .text.Reset_Handler
                0x08002858       0x50 ./Core/Startup/startup_stm32l496retx.o
                0x08002858                Reset_Handler
 .text.Default_Handler
                0x080028a8        0x2 ./Core/Startup/startup_stm32l496retx.o
                0x080028a8                RTC_Alarm_IRQHandler
                0x080028a8                EXTI2_IRQHandler
                0x080028a8                TIM8_TRG_COM_IRQHandler
                0x080028a8                TIM8_CC_IRQHandler
                0x080028a8                TIM1_CC_IRQHandler
                0x080028a8                TSC_IRQHandler
                0x080028a8                TAMP_STAMP_IRQHandler
                0x080028a8                CAN2_RX1_IRQHandler
                0x080028a8                EXTI3_IRQHandler
                0x080028a8                LPTIM2_IRQHandler
                0x080028a8                DFSDM1_FLT1_IRQHandler
                0x080028a8                I2C3_ER_IRQHandler
                0x080028a8                DFSDM1_FLT2_IRQHandler
                0x080028a8                EXTI0_IRQHandler
                0x080028a8                I2C2_EV_IRQHandler
                0x080028a8                CAN1_RX0_IRQHandler
                0x080028a8                FPU_IRQHandler
                0x080028a8                TIM1_UP_TIM16_IRQHandler
                0x080028a8                CAN2_SCE_IRQHandler
                0x080028a8                ADC1_2_IRQHandler
                0x080028a8                SPI1_IRQHandler
                0x080028a8                TIM6_DAC_IRQHandler
                0x080028a8                DCMI_IRQHandler
                0x080028a8                CAN2_RX0_IRQHandler
                0x080028a8                TIM8_UP_IRQHandler
                0x080028a8                DMA2_Channel2_IRQHandler
                0x080028a8                SAI2_IRQHandler
                0x080028a8                DFSDM1_FLT3_IRQHandler
                0x080028a8                DMA1_Channel7_IRQHandler
                0x080028a8                CAN1_RX1_IRQHandler
                0x080028a8                LCD_IRQHandler
                0x080028a8                UART5_IRQHandler
                0x080028a8                ADC3_IRQHandler
                0x080028a8                TIM4_IRQHandler
                0x080028a8                DMA2_Channel1_IRQHandler
                0x080028a8                QUADSPI_IRQHandler
                0x080028a8                I2C1_EV_IRQHandler
                0x080028a8                DMA1_Channel6_IRQHandler
                0x080028a8                UART4_IRQHandler
                0x080028a8                DMA2_Channel4_IRQHandler
                0x080028a8                TIM3_IRQHandler
                0x080028a8                RCC_IRQHandler
                0x080028a8                DMA1_Channel1_IRQHandler
                0x080028a8                Default_Handler
                0x080028a8                DMA2_Channel7_IRQHandler
                0x080028a8                EXTI15_10_IRQHandler
                0x080028a8                TIM7_IRQHandler
                0x080028a8                SDMMC1_IRQHandler
                0x080028a8                CAN2_TX_IRQHandler
                0x080028a8                TIM5_IRQHandler
                0x080028a8                I2C3_EV_IRQHandler
                0x080028a8                RTC_WKUP_IRQHandler
                0x080028a8                PVD_PVM_IRQHandler
                0x080028a8                SPI2_IRQHandler
                0x080028a8                CAN1_TX_IRQHandler
                0x080028a8                DMA2_Channel5_IRQHandler
                0x080028a8                CRS_IRQHandler
                0x080028a8                EXTI4_IRQHandler
                0x080028a8                RNG_IRQHandler
                0x080028a8                TIM1_TRG_COM_TIM17_IRQHandler
                0x080028a8                DMA1_Channel3_IRQHandler
                0x080028a8                COMP_IRQHandler
                0x080028a8                WWDG_IRQHandler
                0x080028a8                I2C4_EV_IRQHandler
                0x080028a8                LPUART1_IRQHandler
                0x080028a8                DMA2_Channel6_IRQHandler
                0x080028a8                TIM2_IRQHandler
                0x080028a8                EXTI1_IRQHandler
                0x080028a8                USART2_IRQHandler
                0x080028a8                DFSDM1_FLT0_IRQHandler
                0x080028a8                I2C2_ER_IRQHandler
                0x080028a8                DMA1_Channel2_IRQHandler
                0x080028a8                TIM8_BRK_IRQHandler
                0x080028a8                CAN1_SCE_IRQHandler
                0x080028a8                FLASH_IRQHandler
                0x080028a8                OTG_FS_IRQHandler
                0x080028a8                SPI3_IRQHandler
                0x080028a8                I2C1_ER_IRQHandler
                0x080028a8                FMC_IRQHandler
                0x080028a8                SWPMI1_IRQHandler
                0x080028a8                LPTIM1_IRQHandler
                0x080028a8                I2C4_ER_IRQHandler
                0x080028a8                SAI1_IRQHandler
                0x080028a8                DMA2_Channel3_IRQHandler
                0x080028a8                TIM1_BRK_TIM15_IRQHandler
 .text.HAL_Init
                0x080028aa       0x30 ./Drivers/STM32L4xx_HAL_Driver/Src/stm32l4xx_hal.o
                0x080028aa                HAL_Init
 *fill*         0x080028da        0x2 
 .text.HAL_InitTick
                0x080028dc       0x78 ./Drivers/STM32L4xx_HAL_Driver/Src/stm32l4xx_hal.o
                0x080028dc                HAL_InitTick
 .text.HAL_IncTick
                0x08002954       0x28 ./Drivers/STM32L4xx_HAL_Driver/Src/stm32l4xx_hal.o
                0x08002954                HAL_IncTick
 .text.HAL_GetTick
                0x0800297c       0x18 ./Drivers/STM32L4xx_HAL_Driver/Src/stm32l4xx_hal.o
                0x0800297c                HAL_GetTick
 .text.__NVIC_SetPriorityGrouping
                0x08002994       0x48 ./Drivers/STM32L4xx_HAL_Driver/Src/stm32l4xx_hal_cortex.o
 .text.__NVIC_GetPriorityGrouping
                0x080029dc       0x1c ./Drivers/STM32L4xx_HAL_Driver/Src/stm32l4xx_hal_cortex.o
 .text.__NVIC_EnableIRQ
                0x080029f8       0x3c ./Drivers/STM32L4xx_HAL_Driver/Src/stm32l4xx_hal_cortex.o
 .text.__NVIC_SetPriority
                0x08002a34       0x54 ./Drivers/STM32L4xx_HAL_Driver/Src/stm32l4xx_hal_cortex.o
 .text.NVIC_EncodePriority
                0x08002a88       0x66 ./Drivers/STM32L4xx_HAL_Driver/Src/stm32l4xx_hal_cortex.o
 *fill*         0x08002aee        0x2 
 .text.SysTick_Config
                0x08002af0       0x44 ./Drivers/STM32L4xx_HAL_Driver/Src/stm32l4xx_hal_cortex.o
 .text.HAL_NVIC_SetPriorityGrouping
                0x08002b34       0x16 ./Drivers/STM32L4xx_HAL_Driver/Src/stm32l4xx_hal_cortex.o
                0x08002b34                HAL_NVIC_SetPriorityGrouping
 .text.HAL_NVIC_SetPriority
                0x08002b4a       0x38 ./Drivers/STM32L4xx_HAL_Driver/Src/stm32l4xx_hal_cortex.o
                0x08002b4a                HAL_NVIC_SetPriority
 .text.HAL_NVIC_EnableIRQ
                0x08002b82       0x1c ./Drivers/STM32L4xx_HAL_Driver/Src/stm32l4xx_hal_cortex.o
                0x08002b82                HAL_NVIC_EnableIRQ
 .text.HAL_SYSTICK_Config
                0x08002b9e       0x18 ./Drivers/STM32L4xx_HAL_Driver/Src/stm32l4xx_hal_cortex.o
                0x08002b9e                HAL_SYSTICK_Config
 *fill*         0x08002bb6        0x2 
 .text.HAL_DMA_Init
                0x08002bb8      0x170 ./Drivers/STM32L4xx_HAL_Driver/Src/stm32l4xx_hal_dma.o
                0x08002bb8                HAL_DMA_Init
 .text.HAL_DMA_Start_IT
                0x08002d28       0xc0 ./Drivers/STM32L4xx_HAL_Driver/Src/stm32l4xx_hal_dma.o
                0x08002d28                HAL_DMA_Start_IT
 .text.HAL_DMA_Abort
                0x08002de8       0x7c ./Drivers/STM32L4xx_HAL_Driver/Src/stm32l4xx_hal_dma.o
                0x08002de8                HAL_DMA_Abort
 .text.HAL_DMA_Abort_IT
                0x08002e64       0x82 ./Drivers/STM32L4xx_HAL_Driver/Src/stm32l4xx_hal_dma.o
                0x08002e64                HAL_DMA_Abort_IT
 .text.HAL_DMA_IRQHandler
                0x08002ee6      0x15e ./Drivers/STM32L4xx_HAL_Driver/Src/stm32l4xx_hal_dma.o
                0x08002ee6                HAL_DMA_IRQHandler
 .text.DMA_SetConfig
                0x08003044       0x60 ./Drivers/STM32L4xx_HAL_Driver/Src/stm32l4xx_hal_dma.o
 .text.HAL_GPIO_Init
                0x080030a4      0x324 ./Drivers/STM32L4xx_HAL_Driver/Src/stm32l4xx_hal_gpio.o
                0x080030a4                HAL_GPIO_Init
 .text.HAL_GPIO_ReadPin
                0x080033c8       0x30 ./Drivers/STM32L4xx_HAL_Driver/Src/stm32l4xx_hal_gpio.o
                0x080033c8                HAL_GPIO_ReadPin
 .text.HAL_GPIO_WritePin
                0x080033f8       0x30 ./Drivers/STM32L4xx_HAL_Driver/Src/stm32l4xx_hal_gpio.o
                0x080033f8                HAL_GPIO_WritePin
 .text.HAL_GPIO_EXTI_IRQHandler
                0x08003428       0x30 ./Drivers/STM32L4xx_HAL_Driver/Src/stm32l4xx_hal_gpio.o
                0x08003428                HAL_GPIO_EXTI_IRQHandler
 .text.HAL_GPIO_EXTI_Callback
                0x08003458       0x16 ./Drivers/STM32L4xx_HAL_Driver/Src/stm32l4xx_hal_gpio.o
                0x08003458                HAL_GPIO_EXTI_Callback
 *fill*         0x0800346e        0x2 
 .text.HAL_PWREx_GetVoltageRange
                0x08003470       0x1c ./Drivers/STM32L4xx_HAL_Driver/Src/stm32l4xx_hal_pwr_ex.o
                0x08003470                HAL_PWREx_GetVoltageRange
 .text.HAL_PWREx_ControlVoltageScaling
                0x0800348c       0xac ./Drivers/STM32L4xx_HAL_Driver/Src/stm32l4xx_hal_pwr_ex.o
                0x0800348c                HAL_PWREx_ControlVoltageScaling
 .text.HAL_RCC_OscConfig
                0x08003538      0x834 ./Drivers/STM32L4xx_HAL_Driver/Src/stm32l4xx_hal_rcc.o
                0x08003538                HAL_RCC_OscConfig
 .text.HAL_RCC_ClockConfig
                0x08003d6c      0x200 ./Drivers/STM32L4xx_HAL_Driver/Src/stm32l4xx_hal_rcc.o
                0x08003d6c                HAL_RCC_ClockConfig
 .text.HAL_RCC_GetSysClockFreq
                0x08003f6c      0x118 ./Drivers/STM32L4xx_HAL_Driver/Src/stm32l4xx_hal_rcc.o
                0x08003f6c                HAL_RCC_GetSysClockFreq
 .text.HAL_RCC_GetHCLKFreq
                0x08004084       0x18 ./Drivers/STM32L4xx_HAL_Driver/Src/stm32l4xx_hal_rcc.o
                0x08004084                HAL_RCC_GetHCLKFreq
 .text.HAL_RCC_GetPCLK1Freq
                0x0800409c       0x2c ./Drivers/STM32L4xx_HAL_Driver/Src/stm32l4xx_hal_rcc.o
                0x0800409c                HAL_RCC_GetPCLK1Freq
 .text.HAL_RCC_GetPCLK2Freq
                0x080040c8       0x2c ./Drivers/STM32L4xx_HAL_Driver/Src/stm32l4xx_hal_rcc.o
                0x080040c8                HAL_RCC_GetPCLK2Freq
 .text.RCC_SetFlashLatencyFromMSIRange
                0x080040f4       0xc0 ./Drivers/STM32L4xx_HAL_Driver/Src/stm32l4xx_hal_rcc.o
 .text.HAL_RCCEx_PeriphCLKConfig
                0x080041b4      0x5f8 ./Drivers/STM32L4xx_HAL_Driver/Src/stm32l4xx_hal_rcc_ex.o
                0x080041b4                HAL_RCCEx_PeriphCLKConfig
 .text.RCCEx_PLLSAI1_Config
                0x080047ac      0x1e4 ./Drivers/STM32L4xx_HAL_Driver/Src/stm32l4xx_hal_rcc_ex.o
 .text.RCCEx_PLLSAI2_Config
                0x08004990      0x1b8 ./Drivers/STM32L4xx_HAL_Driver/Src/stm32l4xx_hal_rcc_ex.o
 .text.HAL_UART_Init
                0x08004b48       0x9c ./Drivers/STM32L4xx_HAL_Driver/Src/stm32l4xx_hal_uart.o
                0x08004b48                HAL_UART_Init
 .text.HAL_UART_Transmit_DMA
                0x08004be4       0xf8 ./Drivers/STM32L4xx_HAL_Driver/Src/stm32l4xx_hal_uart.o
                0x08004be4                HAL_UART_Transmit_DMA
 .text.HAL_UART_Receive_DMA
                0x08004cdc       0x98 ./Drivers/STM32L4xx_HAL_Driver/Src/stm32l4xx_hal_uart.o
                0x08004cdc                HAL_UART_Receive_DMA
 .text.HAL_UART_IRQHandler
                0x08004d74      0x60c ./Drivers/STM32L4xx_HAL_Driver/Src/stm32l4xx_hal_uart.o
                0x08004d74                HAL_UART_IRQHandler
 .text.HAL_UART_TxHalfCpltCallback
                0x08005380       0x14 ./Drivers/STM32L4xx_HAL_Driver/Src/stm32l4xx_hal_uart.o
                0x08005380                HAL_UART_TxHalfCpltCallback
 .text.HAL_UART_RxCpltCallback
                0x08005394       0x14 ./Drivers/STM32L4xx_HAL_Driver/Src/stm32l4xx_hal_uart.o
                0x08005394                HAL_UART_RxCpltCallback
 .text.HAL_UART_RxHalfCpltCallback
                0x080053a8       0x14 ./Drivers/STM32L4xx_HAL_Driver/Src/stm32l4xx_hal_uart.o
                0x080053a8                HAL_UART_RxHalfCpltCallback
 .text.HAL_UART_ErrorCallback
                0x080053bc       0x14 ./Drivers/STM32L4xx_HAL_Driver/Src/stm32l4xx_hal_uart.o
                0x080053bc                HAL_UART_ErrorCallback
 .text.HAL_UARTEx_RxEventCallback
                0x080053d0       0x18 ./Drivers/STM32L4xx_HAL_Driver/Src/stm32l4xx_hal_uart.o
                0x080053d0                HAL_UARTEx_RxEventCallback
 .text.UART_SetConfig
                0x080053e8      0x570 ./Drivers/STM32L4xx_HAL_Driver/Src/stm32l4xx_hal_uart.o
                0x080053e8                UART_SetConfig
 .text.UART_AdvFeatureConfig
                0x08005958      0x144 ./Drivers/STM32L4xx_HAL_Driver/Src/stm32l4xx_hal_uart.o
                0x08005958                UART_AdvFeatureConfig
 .text.UART_CheckIdleState
                0x08005a9c      0x150 ./Drivers/STM32L4xx_HAL_Driver/Src/stm32l4xx_hal_uart.o
                0x08005a9c                UART_CheckIdleState
 .text.UART_WaitOnFlagUntilTimeout
                0x08005bec       0xda ./Drivers/STM32L4xx_HAL_Driver/Src/stm32l4xx_hal_uart.o
                0x08005bec                UART_WaitOnFlagUntilTimeout
 *fill*         0x08005cc6        0x2 
 .text.UART_Start_Receive_DMA
                0x08005cc8      0x140 ./Drivers/STM32L4xx_HAL_Driver/Src/stm32l4xx_hal_uart.o
                0x08005cc8                UART_Start_Receive_DMA
 .text.UART_EndTxTransfer
                0x08005e08       0x4c ./Drivers/STM32L4xx_HAL_Driver/Src/stm32l4xx_hal_uart.o
 .text.UART_EndRxTransfer
                0x08005e54       0xc8 ./Drivers/STM32L4xx_HAL_Driver/Src/stm32l4xx_hal_uart.o
 .text.UART_DMATransmitCplt
                0x08005f1c       0x9a ./Drivers/STM32L4xx_HAL_Driver/Src/stm32l4xx_hal_uart.o
 .text.UART_DMATxHalfCplt
                0x08005fb6       0x1c ./Drivers/STM32L4xx_HAL_Driver/Src/stm32l4xx_hal_uart.o
 .text.UART_DMAReceiveCplt
                0x08005fd2      0x12c ./Drivers/STM32L4xx_HAL_Driver/Src/stm32l4xx_hal_uart.o
 .text.UART_DMARxHalfCplt
                0x080060fe       0x3e ./Drivers/STM32L4xx_HAL_Driver/Src/stm32l4xx_hal_uart.o
 .text.UART_DMAError
                0x0800613c       0x7e ./Drivers/STM32L4xx_HAL_Driver/Src/stm32l4xx_hal_uart.o
 .text.UART_DMAAbortOnError
                0x080061ba       0x2c ./Drivers/STM32L4xx_HAL_Driver/Src/stm32l4xx_hal_uart.o
 .text.UART_EndTransmit_IT
                0x080061e6       0x54 ./Drivers/STM32L4xx_HAL_Driver/Src/stm32l4xx_hal_uart.o
 .text.HAL_UARTEx_WakeupCallback
                0x0800623a       0x14 ./Drivers/STM32L4xx_HAL_Driver/Src/stm32l4xx_hal_uart_ex.o
                0x0800623a                HAL_UARTEx_WakeupCallback
 .text.memset   0x0800624e       0x10 C:/ST/STM32CubeIDE_1.19.0/STM32CubeIDE/plugins/com.st.stm32cube.ide.mcu.externaltools.gnu-tools-for-stm32.13.3.rel1.win32_1.0.0.202411081344/tools/bin/../lib/gcc/arm-none-eabi/13.3.1/../../../../arm-none-eabi/lib/thumb/v7e-m+fp/hard\libc_nano.a(libc_a-memset.o)
                0x0800624e                memset
 *fill*         0x0800625e        0x2 
 .text.__libc_init_array
                0x08006260       0x48 C:/ST/STM32CubeIDE_1.19.0/STM32CubeIDE/plugins/com.st.stm32cube.ide.mcu.externaltools.gnu-tools-for-stm32.13.3.rel1.win32_1.0.0.202411081344/tools/bin/../lib/gcc/arm-none-eabi/13.3.1/../../../../arm-none-eabi/lib/thumb/v7e-m+fp/hard\libc_nano.a(libc_a-init.o)
                0x08006260                __libc_init_array
 .text.memcpy   0x080062a8       0x1c C:/ST/STM32CubeIDE_1.19.0/STM32CubeIDE/plugins/com.st.stm32cube.ide.mcu.externaltools.gnu-tools-for-stm32.13.3.rel1.win32_1.0.0.202411081344/tools/bin/../lib/gcc/arm-none-eabi/13.3.1/../../../../arm-none-eabi/lib/thumb/v7e-m+fp/hard\libc_nano.a(libc_a-memcpy-stub.o)
                0x080062a8                memcpy
 *(.glue_7)
 .glue_7        0x080062c4        0x0 linker stubs
 *(.glue_7t)
 .glue_7t       0x080062c4        0x0 linker stubs
 *(.eh_frame)
 .eh_frame      0x080062c4        0x0 C:/ST/STM32CubeIDE_1.19.0/STM32CubeIDE/plugins/com.st.stm32cube.ide.mcu.externaltools.gnu-tools-for-stm32.13.3.rel1.win32_1.0.0.202411081344/tools/bin/../lib/gcc/arm-none-eabi/13.3.1/thumb/v7e-m+fp/hard/crtbegin.o
 *(.init)
 .init          0x080062c4        0x4 C:/ST/STM32CubeIDE_1.19.0/STM32CubeIDE/plugins/com.st.stm32cube.ide.mcu.externaltools.gnu-tools-for-stm32.13.3.rel1.win32_1.0.0.202411081344/tools/bin/../lib/gcc/arm-none-eabi/13.3.1/thumb/v7e-m+fp/hard/crti.o
                0x080062c4                _init
 .init          0x080062c8        0x8 C:/ST/STM32CubeIDE_1.19.0/STM32CubeIDE/plugins/com.st.stm32cube.ide.mcu.externaltools.gnu-tools-for-stm32.13.3.rel1.win32_1.0.0.202411081344/tools/bin/../lib/gcc/arm-none-eabi/13.3.1/thumb/v7e-m+fp/hard/crtn.o
 *(.fini)
 .fini          0x080062d0        0x4 C:/ST/STM32CubeIDE_1.19.0/STM32CubeIDE/plugins/com.st.stm32cube.ide.mcu.externaltools.gnu-tools-for-stm32.13.3.rel1.win32_1.0.0.202411081344/tools/bin/../lib/gcc/arm-none-eabi/13.3.1/thumb/v7e-m+fp/hard/crti.o
                0x080062d0                _fini
 .fini          0x080062d4        0x8 C:/ST/STM32CubeIDE_1.19.0/STM32CubeIDE/plugins/com.st.stm32cube.ide.mcu.externaltools.gnu-tools-for-stm32.13.3.rel1.win32_1.0.0.202411081344/tools/bin/../lib/gcc/arm-none-eabi/13.3.1/thumb/v7e-m+fp/hard/crtn.o
                0x080062dc                        . = ALIGN (0x4)
                0x080062dc                        _etext = .

.vfp11_veneer   0x080062dc        0x0
 .vfp11_veneer  0x080062dc        0x0 linker stubs

.v4_bx          0x080062dc        0x0
 .v4_bx         0x080062dc        0x0 linker stubs

.iplt           0x080062dc        0x0
 .iplt          0x080062dc        0x0 C:/ST/STM32CubeIDE_1.19.0/STM32CubeIDE/plugins/com.st.stm32cube.ide.mcu.externaltools.gnu-tools-for-stm32.13.3.rel1.win32_1.0.0.202411081344/tools/bin/../lib/gcc/arm-none-eabi/13.3.1/thumb/v7e-m+fp/hard/crtbegin.o

.rodata         0x080062dc      0x25c
                0x080062dc                        . = ALIGN (0x4)
 *(.rodata)
 *(.rodata*)
 .rodata._ZL14_crc_ccitt_tbl
                0x080062dc      0x200 ./Core/Src/main.o
 .rodata._ZL10_stats_cmd
                0x080064dc        0x1 ./Core/Src/main.o
 *fill*         0x080064dd        0x3 
 .rodata._ZL9_tbuf_cmd
                0x080064e0        0x1 ./Core/Src/main.o
 *fill*         0x080064e1        0x3 
 .rodata._ZL14_force_run_cmd
                0x080064e4        0x1 ./Core/Src/main.o
 *fill*         0x080064e5        0x3 
 .rodata._ZL13_get_data_cmd
                0x080064e8        0x1 ./Core/Src/main.o
 *fill*         0x080064e9        0x3 
 .rodata._ZL17_set_interval_cmd
                0x080064ec        0x1 ./Core/Src/main.o
 *fill*         0x080064ed        0x3 
 .rodata.AHBPrescTable
                0x080064f0       0x10 ./Core/Src/system_stm32l4xx.o
                0x080064f0                AHBPrescTable
 .rodata.APBPrescTable
                0x08006500        0x8 ./Core/Src/system_stm32l4xx.o
                0x08006500                APBPrescTable
 .rodata.MSIRangeTable
                0x08006508       0x30 ./Core/Src/system_stm32l4xx.o
                0x08006508                MSIRangeTable
                0x08006538                        . = ALIGN (0x4)

.ARM.extab      0x08006538        0x0
                0x08006538                        . = ALIGN (0x4)
 *(.ARM.extab* .gnu.linkonce.armextab.*)
                0x08006538                        . = ALIGN (0x4)

.ARM            0x08006538        0x8
                0x08006538                        . = ALIGN (0x4)
                0x08006538                        __exidx_start = .
 *(.ARM.exidx*)
 .ARM.exidx     0x08006538        0x8 C:/ST/STM32CubeIDE_1.19.0/STM32CubeIDE/plugins/com.st.stm32cube.ide.mcu.externaltools.gnu-tools-for-stm32.13.3.rel1.win32_1.0.0.202411081344/tools/bin/../lib/gcc/arm-none-eabi/13.3.1/thumb/v7e-m+fp/hard\libgcc.a(_udivmoddi4.o)
                0x08006540                        __exidx_end = .
                0x08006540                        . = ALIGN (0x4)

.preinit_array  0x08006540        0x0
                0x08006540                        . = ALIGN (0x4)
                0x08006540                        PROVIDE (__preinit_array_start = .)
 *(.preinit_array*)
                0x08006540                        PROVIDE (__preinit_array_end = .)
                0x08006540                        . = ALIGN (0x4)

.init_array     0x08006540        0x4
                0x08006540                        . = ALIGN (0x4)
                0x08006540                        PROVIDE (__init_array_start = .)
 *(SORT_BY_NAME(.init_array.*))
 *(.init_array*)
 .init_array    0x08006540        0x4 C:/ST/STM32CubeIDE_1.19.0/STM32CubeIDE/plugins/com.st.stm32cube.ide.mcu.externaltools.gnu-tools-for-stm32.13.3.rel1.win32_1.0.0.202411081344/tools/bin/../lib/gcc/arm-none-eabi/13.3.1/thumb/v7e-m+fp/hard/crtbegin.o
                0x08006544                        PROVIDE (__init_array_end = .)
                0x08006544                        . = ALIGN (0x4)

.fini_array     0x08006544        0x4
                0x08006544                        . = ALIGN (0x4)
                [!provide]                        PROVIDE (__fini_array_start = .)
 *(SORT_BY_NAME(.fini_array.*))
 *(.fini_array*)
 .fini_array    0x08006544        0x4 C:/ST/STM32CubeIDE_1.19.0/STM32CubeIDE/plugins/com.st.stm32cube.ide.mcu.externaltools.gnu-tools-for-stm32.13.3.rel1.win32_1.0.0.202411081344/tools/bin/../lib/gcc/arm-none-eabi/13.3.1/thumb/v7e-m+fp/hard/crtbegin.o
                [!provide]                        PROVIDE (__fini_array_end = .)
                0x08006548                        . = ALIGN (0x4)
                0x08006548                        _sidata = LOADADDR (.data)

.rel.dyn        0x08006548        0x0
 .rel.iplt      0x08006548        0x0 C:/ST/STM32CubeIDE_1.19.0/STM32CubeIDE/plugins/com.st.stm32cube.ide.mcu.externaltools.gnu-tools-for-stm32.13.3.rel1.win32_1.0.0.202411081344/tools/bin/../lib/gcc/arm-none-eabi/13.3.1/thumb/v7e-m+fp/hard/crtbegin.o

.data           0x20000000        0xc load address 0x08006548
                0x20000000                        . = ALIGN (0x4)
                0x20000000                        _sdata = .
 *(.data)
 *(.data*)
 .data.SystemCoreClock
                0x20000000        0x4 ./Core/Src/system_stm32l4xx.o
                0x20000000                SystemCoreClock
 .data.uwTickPrio
                0x20000004        0x4 ./Drivers/STM32L4xx_HAL_Driver/Src/stm32l4xx_hal.o
                0x20000004                uwTickPrio
 .data.uwTickFreq
                0x20000008        0x1 ./Drivers/STM32L4xx_HAL_Driver/Src/stm32l4xx_hal.o
                0x20000008                uwTickFreq
 *(.RamFunc)
 *(.RamFunc*)
                0x2000000c                        . = ALIGN (0x4)
 *fill*         0x20000009        0x3 
                0x2000000c                        _edata = .

.igot.plt       0x2000000c        0x0 load address 0x08006554
 .igot.plt      0x2000000c        0x0 C:/ST/STM32CubeIDE_1.19.0/STM32CubeIDE/plugins/com.st.stm32cube.ide.mcu.externaltools.gnu-tools-for-stm32.13.3.rel1.win32_1.0.0.202411081344/tools/bin/../lib/gcc/arm-none-eabi/13.3.1/thumb/v7e-m+fp/hard/crtbegin.o
                0x2000000c                        . = ALIGN (0x4)

.bss            0x20000010      0x708 load address 0x08006554
                0x20000010                        _sbss = .
                0x20000010                        __bss_start__ = _sbss
 *(.bss)
 .bss           0x20000010       0x1c C:/ST/STM32CubeIDE_1.19.0/STM32CubeIDE/plugins/com.st.stm32cube.ide.mcu.externaltools.gnu-tools-for-stm32.13.3.rel1.win32_1.0.0.202411081344/tools/bin/../lib/gcc/arm-none-eabi/13.3.1/thumb/v7e-m+fp/hard/crtbegin.o
 *(.bss*)
 *fill*         0x2000002c        0x4 
 .bss._ZL3_pt   0x20000030       0x48 ./Core/Src/main.o
 .bss._ZL6g_hdlc
                0x20000078      0x4fc ./Core/Src/main.o
 .bss.huart1    0x20000574       0x88 ./Core/Src/usart.o
                0x20000574                huart1
 .bss.huart3    0x200005fc       0x88 ./Core/Src/usart.o
                0x200005fc                huart3
 .bss.hdma_usart1_rx
                0x20000684       0x48 ./Core/Src/usart.o
                0x20000684                hdma_usart1_rx
 .bss.hdma_usart1_tx
                0x200006cc       0x48 ./Core/Src/usart.o
                0x200006cc                hdma_usart1_tx
 .bss.uwTick    0x20000714        0x4 ./Drivers/STM32L4xx_HAL_Driver/Src/stm32l4xx_hal.o
                0x20000714                uwTick
 *(COMMON)
                0x20000718                        . = ALIGN (0x4)
                0x20000718                        _ebss = .
                0x20000718                        __bss_end__ = _ebss

._user_heap_stack
                0x20000718      0x600 load address 0x08006554
                0x20000718                        . = ALIGN (0x8)
                [!provide]                        PROVIDE (end = .)
                0x20000718                        PROVIDE (_end = .)
                0x20000918                        . = (. + _Min_Heap_Size)
 *fill*         0x20000718      0x200 
                0x20000d18                        . = (. + _Min_Stack_Size)
 *fill*         0x20000918      0x400 
                0x20000d18                        . = ALIGN (0x8)

/DISCARD/
 libc.a(*)
 libm.a(*)
 libgcc.a(*)

.ARM.attributes
                0x00000000       0x30
 *(.ARM.attributes)
 .ARM.attributes
                0x00000000       0x22 C:/ST/STM32CubeIDE_1.19.0/STM32CubeIDE/plugins/com.st.stm32cube.ide.mcu.externaltools.gnu-tools-for-stm32.13.3.rel1.win32_1.0.0.202411081344/tools/bin/../lib/gcc/arm-none-eabi/13.3.1/thumb/v7e-m+fp/hard/crti.o
 .ARM.attributes
                0x00000022       0x34 C:/ST/STM32CubeIDE_1.19.0/STM32CubeIDE/plugins/com.st.stm32cube.ide.mcu.externaltools.gnu-tools-for-stm32.13.3.rel1.win32_1.0.0.202411081344/tools/bin/../lib/gcc/arm-none-eabi/13.3.1/thumb/v7e-m+fp/hard/crtbegin.o
 .ARM.attributes
                0x00000056       0x34 ./Core/Src/Hx711.o
 .ARM.attributes
                0x0000008a       0x34 ./Core/Src/dma.o
 .ARM.attributes
                0x000000be       0x34 ./Core/Src/gpio.o
 .ARM.attributes
                0x000000f2       0x34 ./Core/Src/main.o
 .ARM.attributes
                0x00000126       0x34 ./Core/Src/stm32l4xx_hal_msp.o
 .ARM.attributes
                0x0000015a       0x34 ./Core/Src/stm32l4xx_it.o
 .ARM.attributes
                0x0000018e       0x34 ./Core/Src/system_stm32l4xx.o
 .ARM.attributes
                0x000001c2       0x34 ./Core/Src/usart.o
 .ARM.attributes
                0x000001f6       0x21 ./Core/Startup/startup_stm32l496retx.o
 .ARM.attributes
                0x00000217       0x34 ./Drivers/STM32L4xx_HAL_Driver/Src/stm32l4xx_hal.o
 .ARM.attributes
                0x0000024b       0x34 ./Drivers/STM32L4xx_HAL_Driver/Src/stm32l4xx_hal_cortex.o
 .ARM.attributes
                0x0000027f       0x34 ./Drivers/STM32L4xx_HAL_Driver/Src/stm32l4xx_hal_dma.o
 .ARM.attributes
                0x000002b3       0x34 ./Drivers/STM32L4xx_HAL_Driver/Src/stm32l4xx_hal_gpio.o
 .ARM.attributes
                0x000002e7       0x34 ./Drivers/STM32L4xx_HAL_Driver/Src/stm32l4xx_hal_pwr_ex.o
 .ARM.attributes
                0x0000031b       0x34 ./Drivers/STM32L4xx_HAL_Driver/Src/stm32l4xx_hal_rcc.o
 .ARM.attributes
                0x0000034f       0x34 ./Drivers/STM32L4xx_HAL_Driver/Src/stm32l4xx_hal_rcc_ex.o
 .ARM.attributes
                0x00000383       0x34 ./Drivers/STM32L4xx_HAL_Driver/Src/stm32l4xx_hal_uart.o
 .ARM.attributes
                0x000003b7       0x34 ./Drivers/STM32L4xx_HAL_Driver/Src/stm32l4xx_hal_uart_ex.o
 .ARM.attributes
                0x000003eb       0x34 C:/ST/STM32CubeIDE_1.19.0/STM32CubeIDE/plugins/com.st.stm32cube.ide.mcu.externaltools.gnu-tools-for-stm32.13.3.rel1.win32_1.0.0.202411081344/tools/bin/../lib/gcc/arm-none-eabi/13.3.1/../../../../arm-none-eabi/lib/thumb/v7e-m+fp/hard\libc_nano.a(libc_a-memset.o)
 .ARM.attributes
                0x0000041f       0x34 C:/ST/STM32CubeIDE_1.19.0/STM32CubeIDE/plugins/com.st.stm32cube.ide.mcu.externaltools.gnu-tools-for-stm32.13.3.rel1.win32_1.0.0.202411081344/tools/bin/../lib/gcc/arm-none-eabi/13.3.1/../../../../arm-none-eabi/lib/thumb/v7e-m+fp/hard\libc_nano.a(libc_a-init.o)
 .ARM.attributes
                0x00000453       0x34 C:/ST/STM32CubeIDE_1.19.0/STM32CubeIDE/plugins/com.st.stm32cube.ide.mcu.externaltools.gnu-tools-for-stm32.13.3.rel1.win32_1.0.0.202411081344/tools/bin/../lib/gcc/arm-none-eabi/13.3.1/../../../../arm-none-eabi/lib/thumb/v7e-m+fp/hard\libc_nano.a(libc_a-memcpy-stub.o)
 .ARM.attributes
                0x00000487       0x22 C:/ST/STM32CubeIDE_1.19.0/STM32CubeIDE/plugins/com.st.stm32cube.ide.mcu.externaltools.gnu-tools-for-stm32.13.3.rel1.win32_1.0.0.202411081344/tools/bin/../lib/gcc/arm-none-eabi/13.3.1/thumb/v7e-m+fp/hard\libgcc.a(_aeabi_uldivmod.o)
 .ARM.attributes
                0x000004a9       0x34 C:/ST/STM32CubeIDE_1.19.0/STM32CubeIDE/plugins/com.st.stm32cube.ide.mcu.externaltools.gnu-tools-for-stm32.13.3.rel1.win32_1.0.0.202411081344/tools/bin/../lib/gcc/arm-none-eabi/13.3.1/thumb/v7e-m+fp/hard\libgcc.a(_udivmoddi4.o)
 .ARM.attributes
                0x000004dd       0x22 C:/ST/STM32CubeIDE_1.19.0/STM32CubeIDE/plugins/com.st.stm32cube.ide.mcu.externaltools.gnu-tools-for-stm32.13.3.rel1.win32_1.0.0.202411081344/tools/bin/../lib/gcc/arm-none-eabi/13.3.1/thumb/v7e-m+fp/hard\libgcc.a(_dvmd_tls.o)
 .ARM.attributes
                0x000004ff       0x22 C:/ST/STM32CubeIDE_1.19.0/STM32CubeIDE/plugins/com.st.stm32cube.ide.mcu.externaltools.gnu-tools-for-stm32.13.3.rel1.win32_1.0.0.202411081344/tools/bin/../lib/gcc/arm-none-eabi/13.3.1/thumb/v7e-m+fp/hard/crtn.o
OUTPUT(Cosmo_code_PolyTest.elf elf32-littlearm)
LOAD linker stubs
LOAD C:/ST/STM32CubeIDE_1.19.0/STM32CubeIDE/plugins/com.st.stm32cube.ide.mcu.externaltools.gnu-tools-for-stm32.13.3.rel1.win32_1.0.0.202411081344/tools/bin/../lib/gcc/arm-none-eabi/13.3.1/../../../../arm-none-eabi/lib/thumb/v7e-m+fp/hard\libc.a
LOAD C:/ST/STM32CubeIDE_1.19.0/STM32CubeIDE/plugins/com.st.stm32cube.ide.mcu.externaltools.gnu-tools-for-stm32.13.3.rel1.win32_1.0.0.202411081344/tools/bin/../lib/gcc/arm-none-eabi/13.3.1/../../../../arm-none-eabi/lib/thumb/v7e-m+fp/hard\libm.a
LOAD C:/ST/STM32CubeIDE_1.19.0/STM32CubeIDE/plugins/com.st.stm32cube.ide.mcu.externaltools.gnu-tools-for-stm32.13.3.rel1.win32_1.0.0.202411081344/tools/bin/../lib/gcc/arm-none-eabi/13.3.1/thumb/v7e-m+fp/hard\libgcc.a

.debug_info     0x00000000    0x13e2e
 .debug_info    0x00000000     0x2f0f ./Core/Src/Hx711.o
 .debug_info    0x00002f0f      0x551 ./Core/Src/dma.o
 .debug_info    0x00003460      0x71c ./Core/Src/gpio.o
 .debug_info    0x00003b7c     0x4a22 ./Core/Src/main.o
 .debug_info    0x0000859e      0x2d1 ./Core/Src/stm32l4xx_hal_msp.o
 .debug_info    0x0000886f      0x7b6 ./Core/Src/stm32l4xx_it.o
 .debug_info    0x00009025      0x5cd ./Core/Src/system_stm32l4xx.o
 .debug_info    0x000095f2     0x1091 ./Core/Src/usart.o
 .debug_info    0x0000a683       0x30 ./Core/Startup/startup_stm32l496retx.o
 .debug_info    0x0000a6b3      0xb4b ./Drivers/STM32L4xx_HAL_Driver/Src/stm32l4xx_hal.o
 .debug_info    0x0000b1fe      0xdb7 ./Drivers/STM32L4xx_HAL_Driver/Src/stm32l4xx_hal_cortex.o
 .debug_info    0x0000bfb5      0x6f4 ./Drivers/STM32L4xx_HAL_Driver/Src/stm32l4xx_hal_dma.o
 .debug_info    0x0000c6a9      0x76f ./Drivers/STM32L4xx_HAL_Driver/Src/stm32l4xx_hal_gpio.o
 .debug_info    0x0000ce18      0x996 ./Drivers/STM32L4xx_HAL_Driver/Src/stm32l4xx_hal_pwr_ex.o
 .debug_info    0x0000d7ae      0xc3b ./Drivers/STM32L4xx_HAL_Driver/Src/stm32l4xx_hal_rcc.o
 .debug_info    0x0000e3e9     0x10c1 ./Drivers/STM32L4xx_HAL_Driver/Src/stm32l4xx_hal_rcc_ex.o
 .debug_info    0x0000f4aa     0x3b85 ./Drivers/STM32L4xx_HAL_Driver/Src/stm32l4xx_hal_uart.o
 .debug_info    0x0001302f      0xdff ./Drivers/STM32L4xx_HAL_Driver/Src/stm32l4xx_hal_uart_ex.o

.debug_abbrev   0x00000000     0x2c28
 .debug_abbrev  0x00000000      0x6ea ./Core/Src/Hx711.o
 .debug_abbrev  0x000006ea       0xfc ./Core/Src/dma.o
 .debug_abbrev  0x000007e6      0x15b ./Core/Src/gpio.o
 .debug_abbrev  0x00000941      0x73f ./Core/Src/main.o
 .debug_abbrev  0x00001080       0xc6 ./Core/Src/stm32l4xx_hal_msp.o
 .debug_abbrev  0x00001146      0x18c ./Core/Src/stm32l4xx_it.o
 .debug_abbrev  0x000012d2      0x11a ./Core/Src/system_stm32l4xx.o
 .debug_abbrev  0x000013ec      0x216 ./Core/Src/usart.o
 .debug_abbrev  0x00001602       0x24 ./Core/Startup/startup_stm32l496retx.o
 .debug_abbrev  0x00001626      0x242 ./Drivers/STM32L4xx_HAL_Driver/Src/stm32l4xx_hal.o
 .debug_abbrev  0x00001868      0x31c ./Drivers/STM32L4xx_HAL_Driver/Src/stm32l4xx_hal_cortex.o
 .debug_abbrev  0x00001b84      0x1e4 ./Drivers/STM32L4xx_HAL_Driver/Src/stm32l4xx_hal_dma.o
 .debug_abbrev  0x00001d68      0x1cb ./Drivers/STM32L4xx_HAL_Driver/Src/stm32l4xx_hal_gpio.o
 .debug_abbrev  0x00001f33      0x1f9 ./Drivers/STM32L4xx_HAL_Driver/Src/stm32l4xx_hal_pwr_ex.o
 .debug_abbrev  0x0000212c      0x2cb ./Drivers/STM32L4xx_HAL_Driver/Src/stm32l4xx_hal_rcc.o
 .debug_abbrev  0x000023f7      0x2a3 ./Drivers/STM32L4xx_HAL_Driver/Src/stm32l4xx_hal_rcc_ex.o
 .debug_abbrev  0x0000269a      0x2d0 ./Drivers/STM32L4xx_HAL_Driver/Src/stm32l4xx_hal_uart.o
 .debug_abbrev  0x0000296a      0x2be ./Drivers/STM32L4xx_HAL_Driver/Src/stm32l4xx_hal_uart_ex.o

.debug_aranges  0x00000000      0xc90
 .debug_aranges
                0x00000000       0x80 ./Core/Src/Hx711.o
 .debug_aranges
                0x00000080       0x20 ./Core/Src/dma.o
 .debug_aranges
                0x000000a0       0x20 ./Core/Src/gpio.o
 .debug_aranges
                0x000000c0      0x1e0 ./Core/Src/main.o
 .debug_aranges
                0x000002a0       0x20 ./Core/Src/stm32l4xx_hal_msp.o
 .debug_aranges
                0x000002c0       0x88 ./Core/Src/stm32l4xx_it.o
 .debug_aranges
                0x00000348       0x28 ./Core/Src/system_stm32l4xx.o
 .debug_aranges
                0x00000370       0x38 ./Core/Src/usart.o
 .debug_aranges
                0x000003a8       0x28 ./Core/Startup/startup_stm32l496retx.o
 .debug_aranges
                0x000003d0      0x130 ./Drivers/STM32L4xx_HAL_Driver/Src/stm32l4xx_hal.o
 .debug_aranges
                0x00000500      0x128 ./Drivers/STM32L4xx_HAL_Driver/Src/stm32l4xx_hal_cortex.o
 .debug_aranges
                0x00000628       0x80 ./Drivers/STM32L4xx_HAL_Driver/Src/stm32l4xx_hal_dma.o
 .debug_aranges
                0x000006a8       0x58 ./Drivers/STM32L4xx_HAL_Driver/Src/stm32l4xx_hal_gpio.o
 .debug_aranges
                0x00000700      0x150 ./Drivers/STM32L4xx_HAL_Driver/Src/stm32l4xx_hal_pwr_ex.o
 .debug_aranges
                0x00000850       0x90 ./Drivers/STM32L4xx_HAL_Driver/Src/stm32l4xx_hal_rcc.o
 .debug_aranges
                0x000008e0      0x108 ./Drivers/STM32L4xx_HAL_Driver/Src/stm32l4xx_hal_rcc_ex.o
 .debug_aranges
                0x000009e8      0x228 ./Drivers/STM32L4xx_HAL_Driver/Src/stm32l4xx_hal_uart.o
 .debug_aranges
                0x00000c10       0x80 ./Drivers/STM32L4xx_HAL_Driver/Src/stm32l4xx_hal_uart_ex.o

.debug_rnglists
                0x00000000      0x997
 .debug_rnglists
                0x00000000       0x5e ./Core/Src/Hx711.o
 .debug_rnglists
                0x0000005e       0x13 ./Core/Src/dma.o
 .debug_rnglists
                0x00000071       0x14 ./Core/Src/gpio.o
 .debug_rnglists
                0x00000085      0x175 ./Core/Src/main.o
 .debug_rnglists
                0x000001fa       0x13 ./Core/Src/stm32l4xx_hal_msp.o
 .debug_rnglists
                0x0000020d       0x61 ./Core/Src/stm32l4xx_it.o
 .debug_rnglists
                0x0000026e       0x1a ./Core/Src/system_stm32l4xx.o
 .debug_rnglists
                0x00000288       0x27 ./Core/Src/usart.o
 .debug_rnglists
                0x000002af       0x19 ./Core/Startup/startup_stm32l496retx.o
 .debug_rnglists
                0x000002c8       0xdf ./Drivers/STM32L4xx_HAL_Driver/Src/stm32l4xx_hal.o
 .debug_rnglists
                0x000003a7       0xda ./Drivers/STM32L4xx_HAL_Driver/Src/stm32l4xx_hal_cortex.o
 .debug_rnglists
                0x00000481       0x64 ./Drivers/STM32L4xx_HAL_Driver/Src/stm32l4xx_hal_dma.o
 .debug_rnglists
                0x000004e5       0x3f ./Drivers/STM32L4xx_HAL_Driver/Src/stm32l4xx_hal_gpio.o
 .debug_rnglists
                0x00000524       0xfd ./Drivers/STM32L4xx_HAL_Driver/Src/stm32l4xx_hal_pwr_ex.o
 .debug_rnglists
                0x00000621       0x6d ./Drivers/STM32L4xx_HAL_Driver/Src/stm32l4xx_hal_rcc.o
 .debug_rnglists
                0x0000068e       0xce ./Drivers/STM32L4xx_HAL_Driver/Src/stm32l4xx_hal_rcc_ex.o
 .debug_rnglists
                0x0000075c      0x1db ./Drivers/STM32L4xx_HAL_Driver/Src/stm32l4xx_hal_uart.o
 .debug_rnglists
                0x00000937       0x60 ./Drivers/STM32L4xx_HAL_Driver/Src/stm32l4xx_hal_uart_ex.o

.debug_macro    0x00000000    0x2d5f1
 .debug_macro   0x00000000      0x85d ./Core/Src/Hx711.o
 .debug_macro   0x0000085d      0xc22 ./Core/Src/Hx711.o
 .debug_macro   0x0000147f      0x1ad ./Core/Src/Hx711.o
 .debug_macro   0x0000162c       0x2e ./Core/Src/Hx711.o
 .debug_macro   0x0000165a       0x28 ./Core/Src/Hx711.o
 .debug_macro   0x00001682       0x1c ./Core/Src/Hx711.o
 .debug_macro   0x0000169e       0x22 ./Core/Src/Hx711.o
 .debug_macro   0x000016c0       0x8e ./Core/Src/Hx711.o
 .debug_macro   0x0000174e       0x51 ./Core/Src/Hx711.o
 .debug_macro   0x0000179f      0x103 ./Core/Src/Hx711.o
 .debug_macro   0x000018a2       0x6a ./Core/Src/Hx711.o
 .debug_macro   0x0000190c      0x1df ./Core/Src/Hx711.o
 .debug_macro   0x00001aeb       0x1c ./Core/Src/Hx711.o
 .debug_macro   0x00001b07       0x22 ./Core/Src/Hx711.o
 .debug_macro   0x00001b29       0xfb ./Core/Src/Hx711.o
 .debug_macro   0x00001c24     0x1011 ./Core/Src/Hx711.o
 .debug_macro   0x00002c35      0x11f ./Core/Src/Hx711.o
 .debug_macro   0x00002d54    0x1c1e2 ./Core/Src/Hx711.o
 .debug_macro   0x0001ef36       0x6d ./Core/Src/Hx711.o
 .debug_macro   0x0001efa3     0x38fb ./Core/Src/Hx711.o
 .debug_macro   0x0002289e      0x197 ./Core/Src/Hx711.o
 .debug_macro   0x00022a35       0x5c ./Core/Src/Hx711.o
 .debug_macro   0x00022a91     0x187d ./Core/Src/Hx711.o
 .debug_macro   0x0002430e      0x773 ./Core/Src/Hx711.o
 .debug_macro   0x00024a81      0x1b9 ./Core/Src/Hx711.o
 .debug_macro   0x00024c3a      0x202 ./Core/Src/Hx711.o
 .debug_macro   0x00024e3c      0x26b ./Core/Src/Hx711.o
 .debug_macro   0x000250a7      0x23d ./Core/Src/Hx711.o
 .debug_macro   0x000252e4      0xfad ./Core/Src/Hx711.o
 .debug_macro   0x00026291      0x639 ./Core/Src/Hx711.o
 .debug_macro   0x000268ca      0x31a ./Core/Src/Hx711.o
 .debug_macro   0x00026be4      0x241 ./Core/Src/Hx711.o
 .debug_macro   0x00026e25      0x3ad ./Core/Src/Hx711.o
 .debug_macro   0x000271d2       0xe4 ./Core/Src/Hx711.o
 .debug_macro   0x000272b6      0x122 ./Core/Src/Hx711.o
 .debug_macro   0x000273d8      0x3ef ./Core/Src/Hx711.o
 .debug_macro   0x000277c7      0xa98 ./Core/Src/Hx711.o
 .debug_macro   0x0002825f      0x1fb ./Core/Src/Hx711.o
 .debug_macro   0x0002845a      0x5cf ./Core/Src/Hx711.o
 .debug_macro   0x00028a29       0x44 ./Core/Src/Hx711.o
 .debug_macro   0x00028a6d      0x433 ./Core/Src/Hx711.o
 .debug_macro   0x00028ea0      0x1f2 ./Core/Src/Hx711.o
 .debug_macro   0x00029092       0x10 ./Core/Src/Hx711.o
 .debug_macro   0x000290a2       0xc8 ./Core/Src/Hx711.o
 .debug_macro   0x0002916a      0x103 ./Core/Src/Hx711.o
 .debug_macro   0x0002926d      0x368 ./Core/Src/Hx711.o
 .debug_macro   0x000295d5       0x61 ./Core/Src/Hx711.o
 .debug_macro   0x00029636       0x2a ./Core/Src/Hx711.o
 .debug_macro   0x00029660       0x43 ./Core/Src/Hx711.o
 .debug_macro   0x000296a3       0x34 ./Core/Src/Hx711.o
 .debug_macro   0x000296d7      0x38c ./Core/Src/Hx711.o
 .debug_macro   0x00029a63       0x16 ./Core/Src/Hx711.o
 .debug_macro   0x00029a79       0x4a ./Core/Src/Hx711.o
 .debug_macro   0x00029ac3       0x34 ./Core/Src/Hx711.o
 .debug_macro   0x00029af7       0x10 ./Core/Src/Hx711.o
 .debug_macro   0x00029b07       0x58 ./Core/Src/Hx711.o
 .debug_macro   0x00029b5f       0x8e ./Core/Src/Hx711.o
 .debug_macro   0x00029bed       0x16 ./Core/Src/Hx711.o
 .debug_macro   0x00029c03      0x185 ./Core/Src/Hx711.o
 .debug_macro   0x00029d88       0x1c ./Core/Src/Hx711.o
 .debug_macro   0x00029da4       0x43 ./Core/Src/Hx711.o
 .debug_macro   0x00029de7       0x10 ./Core/Src/Hx711.o
 .debug_macro   0x00029df7       0x10 ./Core/Src/Hx711.o
 .debug_macro   0x00029e07       0x33 ./Core/Src/Hx711.o
 .debug_macro   0x00029e3a      0x173 ./Core/Src/Hx711.o
 .debug_macro   0x00029fad       0x1c ./Core/Src/Hx711.o
 .debug_macro   0x00029fc9       0x10 ./Core/Src/Hx711.o
 .debug_macro   0x00029fd9       0x18 ./Core/Src/Hx711.o
 .debug_macro   0x00029ff1       0x6a ./Core/Src/Hx711.o
 .debug_macro   0x0002a05b       0x1f ./Core/Src/Hx711.o
 .debug_macro   0x0002a07a       0x11 ./Core/Src/Hx711.o
 .debug_macro   0x0002a08b       0x11 ./Core/Src/Hx711.o
 .debug_macro   0x0002a09c       0x10 ./Core/Src/Hx711.o
 .debug_macro   0x0002a0ac       0x3c ./Core/Src/Hx711.o
 .debug_macro   0x0002a0e8       0x5e ./Core/Src/Hx711.o
 .debug_macro   0x0002a146       0x16 ./Core/Src/Hx711.o
 .debug_macro   0x0002a15c       0x52 ./Core/Src/Hx711.o
 .debug_macro   0x0002a1ae       0x5e ./Core/Src/Hx711.o
 .debug_macro   0x0002a20c       0x11 ./Core/Src/Hx711.o
 .debug_macro   0x0002a21d       0x2f ./Core/Src/Hx711.o
 .debug_macro   0x0002a24c       0x16 ./Core/Src/Hx711.o
 .debug_macro   0x0002a262       0x2c ./Core/Src/Hx711.o
 .debug_macro   0x0002a28e       0x11 ./Core/Src/Hx711.o
 .debug_macro   0x0002a29f       0x18 ./Core/Src/Hx711.o
 .debug_macro   0x0002a2b7       0x28 ./Core/Src/Hx711.o
 .debug_macro   0x0002a2df       0x2e ./Core/Src/Hx711.o
 .debug_macro   0x0002a30d       0x1f ./Core/Src/Hx711.o
 .debug_macro   0x0002a32c       0x11 ./Core/Src/Hx711.o
 .debug_macro   0x0002a33d       0x4f ./Core/Src/Hx711.o
 .debug_macro   0x0002a38c       0x18 ./Core/Src/Hx711.o
 .debug_macro   0x0002a3a4       0x27 ./Core/Src/Hx711.o
 .debug_macro   0x0002a3cb       0x88 ./Core/Src/Hx711.o
 .debug_macro   0x0002a453       0x19 ./Core/Src/Hx711.o
 .debug_macro   0x0002a46c       0x1c ./Core/Src/Hx711.o
 .debug_macro   0x0002a488       0x17 ./Core/Src/Hx711.o
 .debug_macro   0x0002a49f       0x10 ./Core/Src/Hx711.o
 .debug_macro   0x0002a4af       0x16 ./Core/Src/Hx711.o
 .debug_macro   0x0002a4c5       0x16 ./Core/Src/Hx711.o
 .debug_macro   0x0002a4db       0x29 ./Core/Src/Hx711.o
 .debug_macro   0x0002a504       0x1c ./Core/Src/Hx711.o
 .debug_macro   0x0002a520       0xde ./Core/Src/Hx711.o
 .debug_macro   0x0002a5fe       0x1c ./Core/Src/Hx711.o
 .debug_macro   0x0002a61a       0x10 ./Core/Src/Hx711.o
 .debug_macro   0x0002a62a       0x16 ./Core/Src/Hx711.o
 .debug_macro   0x0002a640      0x131 ./Core/Src/Hx711.o
 .debug_macro   0x0002a771      0x11d ./Core/Src/Hx711.o
 .debug_macro   0x0002a88e       0x10 ./Core/Src/Hx711.o
 .debug_macro   0x0002a89e      0x242 ./Core/Src/Hx711.o
 .debug_macro   0x0002aae0       0x19 ./Core/Src/Hx711.o
 .debug_macro   0x0002aaf9       0x18 ./Core/Src/Hx711.o
 .debug_macro   0x0002ab11       0x28 ./Core/Src/Hx711.o
 .debug_macro   0x0002ab39       0x1f ./Core/Src/Hx711.o
 .debug_macro   0x0002ab58       0x17 ./Core/Src/Hx711.o
 .debug_macro   0x0002ab6f       0x17 ./Core/Src/Hx711.o
 .debug_macro   0x0002ab86       0x10 ./Core/Src/Hx711.o
 .debug_macro   0x0002ab96       0x10 ./Core/Src/Hx711.o
 .debug_macro   0x0002aba6       0x76 ./Core/Src/Hx711.o
 .debug_macro   0x0002ac1c       0x1c ./Core/Src/Hx711.o
 .debug_macro   0x0002ac38       0x12 ./Core/Src/Hx711.o
 .debug_macro   0x0002ac4a       0x10 ./Core/Src/Hx711.o
 .debug_macro   0x0002ac5a      0x1fc ./Core/Src/dma.o
 .debug_macro   0x0002ae56      0x1fc ./Core/Src/gpio.o
 .debug_macro   0x0002b052      0x97a ./Core/Src/main.o
 .debug_macro   0x0002b9cc       0x16 ./Core/Src/main.o
 .debug_macro   0x0002b9e2      0x115 ./Core/Src/main.o
 .debug_macro   0x0002baf7       0x10 ./Core/Src/main.o
 .debug_macro   0x0002bb07       0x20 ./Core/Src/main.o
 .debug_macro   0x0002bb27       0x19 ./Core/Src/main.o
 .debug_macro   0x0002bb40       0x1c ./Core/Src/main.o
 .debug_macro   0x0002bb5c       0x22 ./Core/Src/main.o
 .debug_macro   0x0002bb7e       0x3f ./Core/Src/main.o
 .debug_macro   0x0002bbbd       0x3a ./Core/Src/main.o
 .debug_macro   0x0002bbf7       0x10 ./Core/Src/main.o
 .debug_macro   0x0002bc07      0x1f2 ./Core/Src/stm32l4xx_hal_msp.o
 .debug_macro   0x0002bdf9      0x1fc ./Core/Src/stm32l4xx_it.o
 .debug_macro   0x0002bff5      0x1e3 ./Core/Src/system_stm32l4xx.o
 .debug_macro   0x0002c1d8      0x1fc ./Core/Src/usart.o
 .debug_macro   0x0002c3d4      0x231 ./Drivers/STM32L4xx_HAL_Driver/Src/stm32l4xx_hal.o
 .debug_macro   0x0002c605      0x1e3 ./Drivers/STM32L4xx_HAL_Driver/Src/stm32l4xx_hal_cortex.o
 .debug_macro   0x0002c7e8      0x1e3 ./Drivers/STM32L4xx_HAL_Driver/Src/stm32l4xx_hal_dma.o
 .debug_macro   0x0002c9cb      0x1ea ./Drivers/STM32L4xx_HAL_Driver/Src/stm32l4xx_hal_gpio.o
 .debug_macro   0x0002cbb5      0x20d ./Drivers/STM32L4xx_HAL_Driver/Src/stm32l4xx_hal_pwr_ex.o
 .debug_macro   0x0002cdc2      0x225 ./Drivers/STM32L4xx_HAL_Driver/Src/stm32l4xx_hal_rcc.o
 .debug_macro   0x0002cfe7      0x219 ./Drivers/STM32L4xx_HAL_Driver/Src/stm32l4xx_hal_rcc_ex.o
 .debug_macro   0x0002d200      0x20e ./Drivers/STM32L4xx_HAL_Driver/Src/stm32l4xx_hal_uart.o
 .debug_macro   0x0002d40e      0x1e3 ./Drivers/STM32L4xx_HAL_Driver/Src/stm32l4xx_hal_uart_ex.o

.debug_line     0x00000000    0x11e5f
 .debug_line    0x00000000     0x1bd4 ./Core/Src/Hx711.o
 .debug_line    0x00001bd4      0x78c ./Core/Src/dma.o
 .debug_line    0x00002360      0x7cc ./Core/Src/gpio.o
 .debug_line    0x00002b2c     0x2eb8 ./Core/Src/main.o
 .debug_line    0x000059e4      0x78e ./Core/Src/stm32l4xx_hal_msp.o
 .debug_line    0x00006172      0x8b6 ./Core/Src/stm32l4xx_it.o
 .debug_line    0x00006a28      0x82c ./Core/Src/system_stm32l4xx.o
 .debug_line    0x00007254      0x8f8 ./Core/Src/usart.o
 .debug_line    0x00007b4c       0x7a ./Core/Startup/startup_stm32l496retx.o
 .debug_line    0x00007bc6      0xb94 ./Drivers/STM32L4xx_HAL_Driver/Src/stm32l4xx_hal.o
 .debug_line    0x0000875a      0xd2f ./Drivers/STM32L4xx_HAL_Driver/Src/stm32l4xx_hal_cortex.o
 .debug_line    0x00009489      0xd6e ./Drivers/STM32L4xx_HAL_Driver/Src/stm32l4xx_hal_dma.o
 .debug_line    0x0000a1f7      0xbd0 ./Drivers/STM32L4xx_HAL_Driver/Src/stm32l4xx_hal_gpio.o
 .debug_line    0x0000adc7      0xd50 ./Drivers/STM32L4xx_HAL_Driver/Src/stm32l4xx_hal_pwr_ex.o
 .debug_line    0x0000bb17     0x1141 ./Drivers/STM32L4xx_HAL_Driver/Src/stm32l4xx_hal_rcc.o
 .debug_line    0x0000cc58     0x1825 ./Drivers/STM32L4xx_HAL_Driver/Src/stm32l4xx_hal_rcc_ex.o
 .debug_line    0x0000e47d     0x2db7 ./Drivers/STM32L4xx_HAL_Driver/Src/stm32l4xx_hal_uart.o
 .debug_line    0x00011234      0xc2b ./Drivers/STM32L4xx_HAL_Driver/Src/stm32l4xx_hal_uart_ex.o

.debug_str      0x00000000   0x1198db
 .debug_str     0x00000000   0x1198db ./Core/Src/Hx711.o
                             0x1154fb (size before relaxing)
 .debug_str     0x001198db   0x10affd ./Core/Src/dma.o
 .debug_str     0x001198db   0x10b0cb ./Core/Src/gpio.o
 .debug_str     0x001198db   0x116b72 ./Core/Src/main.o
 .debug_str     0x001198db   0x10aa7e ./Core/Src/stm32l4xx_hal_msp.o
 .debug_str     0x001198db   0x10aee9 ./Core/Src/stm32l4xx_it.o
 .debug_str     0x001198db   0x10aac9 ./Core/Src/system_stm32l4xx.o
 .debug_str     0x001198db   0x10b871 ./Core/Src/usart.o
 .debug_str     0x001198db       0x93 ./Core/Startup/startup_stm32l496retx.o
 .debug_str     0x001198db   0x10b6d1 ./Drivers/STM32L4xx_HAL_Driver/Src/stm32l4xx_hal.o
 .debug_str     0x001198db   0x10b3a4 ./Drivers/STM32L4xx_HAL_Driver/Src/stm32l4xx_hal_cortex.o
 .debug_str     0x001198db   0x10ad26 ./Drivers/STM32L4xx_HAL_Driver/Src/stm32l4xx_hal_dma.o
 .debug_str     0x001198db   0x10ac43 ./Drivers/STM32L4xx_HAL_Driver/Src/stm32l4xx_hal_gpio.o
 .debug_str     0x001198db   0x10b018 ./Drivers/STM32L4xx_HAL_Driver/Src/stm32l4xx_hal_pwr_ex.o
 .debug_str     0x001198db   0x10b116 ./Drivers/STM32L4xx_HAL_Driver/Src/stm32l4xx_hal_rcc.o
 .debug_str     0x001198db   0x10b4b1 ./Drivers/STM32L4xx_HAL_Driver/Src/stm32l4xx_hal_rcc_ex.o
 .debug_str     0x001198db   0x10b821 ./Drivers/STM32L4xx_HAL_Driver/Src/stm32l4xx_hal_uart.o
 .debug_str     0x001198db   0x10b040 ./Drivers/STM32L4xx_HAL_Driver/Src/stm32l4xx_hal_uart_ex.o

.comment        0x00000000       0x43
 .comment       0x00000000       0x43 ./Core/Src/Hx711.o
                                 0x44 (size before relaxing)
 .comment       0x00000043       0x44 ./Core/Src/dma.o
 .comment       0x00000043       0x44 ./Core/Src/gpio.o
 .comment       0x00000043       0x44 ./Core/Src/main.o
 .comment       0x00000043       0x44 ./Core/Src/stm32l4xx_hal_msp.o
 .comment       0x00000043       0x44 ./Core/Src/stm32l4xx_it.o
 .comment       0x00000043       0x44 ./Core/Src/system_stm32l4xx.o
 .comment       0x00000043       0x44 ./Core/Src/usart.o
 .comment       0x00000043       0x44 ./Drivers/STM32L4xx_HAL_Driver/Src/stm32l4xx_hal.o
 .comment       0x00000043       0x44 ./Drivers/STM32L4xx_HAL_Driver/Src/stm32l4xx_hal_cortex.o
 .comment       0x00000043       0x44 ./Drivers/STM32L4xx_HAL_Driver/Src/stm32l4xx_hal_dma.o
 .comment       0x00000043       0x44 ./Drivers/STM32L4xx_HAL_Driver/Src/stm32l4xx_hal_gpio.o
 .comment       0x00000043       0x44 ./Drivers/STM32L4xx_HAL_Driver/Src/stm32l4xx_hal_pwr_ex.o
 .comment       0x00000043       0x44 ./Drivers/STM32L4xx_HAL_Driver/Src/stm32l4xx_hal_rcc.o
 .comment       0x00000043       0x44 ./Drivers/STM32L4xx_HAL_Driver/Src/stm32l4xx_hal_rcc_ex.o
 .comment       0x00000043       0x44 ./Drivers/STM32L4xx_HAL_Driver/Src/stm32l4xx_hal_uart.o
 .comment       0x00000043       0x44 ./Drivers/STM32L4xx_HAL_Driver/Src/stm32l4xx_hal_uart_ex.o

.debug_frame    0x00000000     0x3290
 .debug_frame   0x00000000      0x200 ./Core/Src/Hx711.o
 .debug_frame   0x00000200       0x34 ./Core/Src/dma.o
 .debug_frame   0x00000234       0x34 ./Core/Src/gpio.o
 .debug_frame   0x00000268      0x83c ./Core/Src/main.o
 .debug_frame   0x00000aa4       0x38 ./Core/Src/stm32l4xx_hal_msp.o
 .debug_frame   0x00000adc      0x190 ./Core/Src/stm32l4xx_it.o
 .debug_frame   0x00000c6c       0x58 ./Core/Src/system_stm32l4xx.o
 .debug_frame   0x00000cc4       0x94 ./Core/Src/usart.o
 .debug_frame   0x00000d58      0x498 ./Drivers/STM32L4xx_HAL_Driver/Src/stm32l4xx_hal.o
 .debug_frame   0x000011f0      0x4e8 ./Drivers/STM32L4xx_HAL_Driver/Src/stm32l4xx_hal_cortex.o
 .debug_frame   0x000016d8      0x204 ./Drivers/STM32L4xx_HAL_Driver/Src/stm32l4xx_hal_dma.o
 .debug_frame   0x000018dc      0x14c ./Drivers/STM32L4xx_HAL_Driver/Src/stm32l4xx_hal_gpio.o
 .debug_frame   0x00001a28      0x544 ./Drivers/STM32L4xx_HAL_Driver/Src/stm32l4xx_hal_pwr_ex.o
 .debug_frame   0x00001f6c      0x21c ./Drivers/STM32L4xx_HAL_Driver/Src/stm32l4xx_hal_rcc.o
 .debug_frame   0x00002188      0x43c ./Drivers/STM32L4xx_HAL_Driver/Src/stm32l4xx_hal_rcc_ex.o
 .debug_frame   0x000025c4      0x9f4 ./Drivers/STM32L4xx_HAL_Driver/Src/stm32l4xx_hal_uart.o
 .debug_frame   0x00002fb8      0x204 ./Drivers/STM32L4xx_HAL_Driver/Src/stm32l4xx_hal_uart_ex.o
 .debug_frame   0x000031bc       0x20 C:/ST/STM32CubeIDE_1.19.0/STM32CubeIDE/plugins/com.st.stm32cube.ide.mcu.externaltools.gnu-tools-for-stm32.13.3.rel1.win32_1.0.0.202411081344/tools/bin/../lib/gcc/arm-none-eabi/13.3.1/../../../../arm-none-eabi/lib/thumb/v7e-m+fp/hard\libc_nano.a(libc_a-memset.o)
 .debug_frame   0x000031dc       0x2c C:/ST/STM32CubeIDE_1.19.0/STM32CubeIDE/plugins/com.st.stm32cube.ide.mcu.externaltools.gnu-tools-for-stm32.13.3.rel1.win32_1.0.0.202411081344/tools/bin/../lib/gcc/arm-none-eabi/13.3.1/../../../../arm-none-eabi/lib/thumb/v7e-m+fp/hard\libc_nano.a(libc_a-init.o)
 .debug_frame   0x00003208       0x28 C:/ST/STM32CubeIDE_1.19.0/STM32CubeIDE/plugins/com.st.stm32cube.ide.mcu.externaltools.gnu-tools-for-stm32.13.3.rel1.win32_1.0.0.202411081344/tools/bin/../lib/gcc/arm-none-eabi/13.3.1/../../../../arm-none-eabi/lib/thumb/v7e-m+fp/hard\libc_nano.a(libc_a-memcpy-stub.o)
 .debug_frame   0x00003230       0x2c C:/ST/STM32CubeIDE_1.19.0/STM32CubeIDE/plugins/com.st.stm32cube.ide.mcu.externaltools.gnu-tools-for-stm32.13.3.rel1.win32_1.0.0.202411081344/tools/bin/../lib/gcc/arm-none-eabi/13.3.1/thumb/v7e-m+fp/hard\libgcc.a(_aeabi_uldivmod.o)
 .debug_frame   0x0000325c       0x34 C:/ST/STM32CubeIDE_1.19.0/STM32CubeIDE/plugins/com.st.stm32cube.ide.mcu.externaltools.gnu-tools-for-stm32.13.3.rel1.win32_1.0.0.202411081344/tools/bin/../lib/gcc/arm-none-eabi/13.3.1/thumb/v7e-m+fp/hard\libgcc.a(_udivmoddi4.o)

.debug_line_str
                0x00000000       0x77
 .debug_line_str
                0x00000000       0x77 ./Core/Startup/startup_stm32l496retx.o
